2026-10-01 06:54:40.712: [INFO] CurrentProfilePath: C:\Users\prems\Desktop\Major Project\SmartBankManagementSystem\.metadata\.plugins\org.eclipse.swt\EBWebView\Default
2026-10-01 06:54:40.712: [INFO] Profiles total count: 1
2026-10-01 06:54:40.712: [INFO] Profile: name=Profile 1 path=C:\Users\prems\Desktop\Major Project\SmartBankManagementSystem\.metadata\.plugins\org.eclipse.swt\EBWebView\Default lastActive=null
2026-10-01 06:54:40.712: [INFO] LastUsedProfileDir: C:\Users\prems\Desktop\Major Project\SmartBankManagementSystem\.metadata\.plugins\org.eclipse.swt\EBWebView\Default
2026-10-01 06:54:40.712: [INFO] OnDoneLoading sync enabled: 0
2026-10-01 06:54:40.712: [INFO] BookmarkModelLoaded, ids_reassigned: 0
2026-10-01 06:54:40.712: [INFO] BookmarksLoadDropped droppedNodes=0
2026-10-01 06:54:40.712: [INFO] BookmarksSnapshot Startup total=0 bar=0 other=0 mobile=0 showBar=0 showBarNTP=1
2026-10-01 07:35:43.208: [INFO] BookmarksSnapshot Shutdown total=0 bar=0 other=0 mobile=0 showBar=0 showBarNTP=1
2026-10-01 07:36:38.852: [INFO] CurrentProfilePath: C:\Users\prems\Desktop\Major Project\SmartBankManagementSystem\.metadata\.plugins\org.eclipse.swt\EBWebView\Default
2026-10-01 07:36:38.853: [INFO] Profiles total count: 1
2026-10-01 07:36:38.853: [INFO] Profile: name=Profile 1 path=C:\Users\prems\Desktop\Major Project\SmartBankManagementSystem\.metadata\.plugins\org.eclipse.swt\EBWebView\Default lastActive=2026-10-01T07:00:38.639Z
2026-10-01 07:36:38.853: [INFO] LastUsedProfileDir: C:\Users\prems\Desktop\Major Project\SmartBankManagementSystem\.metadata\.plugins\org.eclipse.swt\EBWebView\Default
2026-10-01 07:36:38.853: [INFO] MostRecentlyActiveProfile: name=Profile 1 path=C:\Users\prems\Desktop\Major Project\SmartBankManagementSystem\.metadata\.plugins\org.eclipse.swt\EBWebView\Default lastActive=2026-10-01T07:00:38.639Z
2026-10-01 07:36:38.853: [INFO] OnDoneLoading sync enabled: 0
2026-10-01 07:36:38.853: [INFO] BookmarkModelLoaded, ids_reassigned: 0
2026-10-01 07:36:38.853: [INFO] BookmarksLoadDropped droppedNodes=0
2026-10-01 07:36:38.853: [INFO] BookmarksSnapshot Startup total=0 bar=0 other=0 mobile=0 showBar=0 showBarNTP=1
2026-10-01 08:37:25.960: [INFO] BookmarksSnapshot Shutdown total=0 bar=0 other=0 mobile=0 showBar=0 showBarNTP=1
2026-10-01 08:40:43.389: [INFO] CurrentProfilePath: C:\Users\prems\Desktop\Major Project\SmartBankManagementSystem\.metadata\.plugins\org.eclipse.swt\EBWebView\Default
2026-10-01 08:40:43.389: [INFO] Profiles total count: 1
2026-10-01 08:40:43.389: [INFO] Profile: name=Profile 1 path=C:\Users\prems\Desktop\Major Project\SmartBankManagementSystem\.metadata\.plugins\org.eclipse.swt\EBWebView\Default lastActive=2026-10-01T08:37:25.027Z
2026-10-01 08:40:43.389: [INFO] LastUsedProfileDir: C:\Users\prems\Desktop\Major Project\SmartBankManagementSystem\.metadata\.plugins\org.eclipse.swt\EBWebView\Default
2026-10-01 08:40:43.389: [INFO] MostRecentlyActiveProfile: name=Profile 1 path=C:\Users\prems\Desktop\Major Project\SmartBankManagementSystem\.metadata\.plugins\org.eclipse.swt\EBWebView\Default lastActive=2026-10-01T08:37:25.027Z
2026-10-01 08:40:43.389: [INFO] OnDoneLoading sync enabled: 0
2026-10-01 08:40:43.389: [INFO] BookmarkModelLoaded, ids_reassigned: 0
2026-10-01 08:40:43.389: [INFO] BookmarksLoadDropped droppedNodes=0
2026-10-01 08:40:43.389: [INFO] BookmarksSnapshot Startup total=0 bar=0 other=0 mobile=0 showBar=0 showBarNTP=1
2026-10-01 09:02:42.136: [INFO] BookmarksSnapshot Shutdown total=0 bar=0 other=0 mobile=0 showBar=0 showBarNTP=1
2026-10-01 09:12:13.769: [INFO] CurrentProfilePath: C:\Users\prems\Desktop\Major Project\SmartBankManagementSystem\.metadata\.plugins\org.eclipse.swt\EBWebView\Default
2026-10-01 09:12:13.769: [INFO] Profiles total count: 1
2026-10-01 09:12:13.769: [INFO] Profile: name=Profile 1 path=C:\Users\prems\Desktop\Major Project\SmartBankManagementSystem\.metadata\.plugins\org.eclipse.swt\EBWebView\Default lastActive=2026-10-01T09:02:41.599Z
2026-10-01 09:12:13.769: [INFO] LastUsedProfileDir: C:\Users\prems\Desktop\Major Project\SmartBankManagementSystem\.metadata\.plugins\org.eclipse.swt\EBWebView\Default
2026-10-01 09:12:13.769: [INFO] MostRecentlyActiveProfile: name=Profile 1 path=C:\Users\prems\Desktop\Major Project\SmartBankManagementSystem\.metadata\.plugins\org.eclipse.swt\EBWebView\Default lastActive=2026-10-01T09:02:41.599Z
2026-10-01 09:12:13.769: [INFO] OnDoneLoading sync enabled: 0
2026-10-01 09:12:13.769: [INFO] BookmarkModelLoaded, ids_reassigned: 0
2026-10-01 09:12:13.769: [INFO] BookmarksLoadDropped droppedNodes=0
2026-10-01 09:12:13.769: [INFO] BookmarksSnapshot Startup total=0 bar=0 other=0 mobile=0 showBar=0 showBarNTP=1
2026-10-01 09:12:14.022: [INFO] BookmarksSnapshot Shutdown total=0 bar=0 other=0 mobile=0 showBar=0 showBarNTP=1
